ssdeep,1.1--blocksize:hash:hash,filename
768:15jQ4nVHQaeO379u4XckKVCsknBN9A4hUnDxDiNZ957ZpK0IUUiM95Zdz:15jQ4nVHQaeO9uwckKuBN9A4UnDxcbFi,"/malware/sample"
