
TrID/32 - File Identifier v2.24 - (C) 2003-16 By M.Pontello
Definitions found:  8626
Analyzing...

Collecting data from file: sample
 31.0% (.EXE) Win32 Executable MS Visual C++ (generic) (31206/45/13)
 27.4% (.EXE) Win64 Executable (generic) (27625/18/4)
 26.4% (.EXE) Win32 EXE Yoda's Crypter (26569/9/4)
  6.5% (.DLL) Win32 Dynamic Link Library (generic) (6578/25/2)
  4.4% (.EXE) Win32 Executable (generic) (4508/7/1)
